// Jest Snapshot v1, https://goo.gl/fbAQLP

exports[`Test Link Snapshot Link 1`] = `
<View
  accessible={true}
  collapsable={false}
  focusable={true}
  onClick={[Function]}
  onResponderGrant={[Function]}
  onResponderMove={[Function]}
  onResponderRelease={[Function]}
  onResponderTerminate={[Function]}
  onResponderTerminationRequest={[Function]}
  onStartShouldSetResponder={[Function]}
  style={
    Object {
      "marginBottom": 16,
      "opacity": 1,
    }
  }
>
  <Text
    style={
      Object {
        "color": "#4d83dd",
        "marginTop": 15,
      }
    }
  >
    Test label link
  </Text>
</View>
`;
